{
  "data": {
    "getNotes": {
      "count": 2,
      "notes": [
        {
          "noteId": "1",
          "title": "First Note",
          "content": "This is the first note"
        },
        {
          "noteId": "2",
          "title": "Second Note",
          "content": "This is the second note"
        }
      ],
      "author": {
        "userId": "1",
        "username": "admin",
        "displayname": "admin"
      }
    }
  }
}