{
  "data": {
    "getNoteAll": [
      {
        "noteId": "1",
        "title": "First Note",
        "tags": [
          {
            "name": "first"
          },
          {
            "name": "note"
          }
        ],
        "content": "This is the first note"
      },
      {
        "noteId": "2",
        "title": "Second Note",
        "tags": [
          {
            "name": "second"
          },
          {
            "name": "note"
          }
        ],
        "content": "This is the second note"
      },
      {
        "noteId": "3",
        "title": "Third Note",
        "tags": [
          {
            "name": "third"
          },
          {
            "name": "note"
          }
        ],
        "content": "This is the third note"
      },
      {
        "noteId": "4",
        "title": "Fourth Note",
        "tags": [
          {
            "name": "fourth"
          },
          {
            "name": "note"
          }
        ],
        "content": "This is the fourth note"
      }
    ]
  }
}